  Caso Teste Sintetizador                            
     CUSTO DE DEFICIT ($)                                  SUBMERCADO:SUDESTE                            

     ANO: 2020
   SERIE     1         2         3         4         5         6         7         8         9        10        11        12       MEDIA
     1       0.00      0.00      0.00      0.00      0.00      0.00      0.00      0.00      0.00      0.00      0.00      0.00      0.00
 MEDIA       0.00      0.00      0.00      0.00      0.00      0.00      0.00      0.00      0.00     16.91     33.01      0.00      4.16
 DPADRAO     0.00      0.00      0.00      0.00      0.00      0.00      0.00      0.00      0.00    547.40    818.05      0.00
 MIN         0.00      0.00      0.00      0.00      0.00      0.00      0.00      0.00      0.00      0.00      0.00      0.00
 P5          0.00      0.00      0.00      0.00      0.00      0.00      0.00      0.00      0.00      0.00      0.00      0.00
 P95         0.00      0.00      0.00      0.00      0.00      0.00      0.00      0.00      0.00      0.00      0.00      0.00
 MAX         0.00      0.00      0.00      0.00      0.00      0.00      0.00      0.00      0.00  20663.95  30139.52      0.00
