  Caso Teste Sintetizador                            
     CUSTO DE DEFICIT PARA O SIN ($)                                                                     

     ANO: 2020
   SERIE     1         2         3         4         5         6         7         8         9        10        11        12       MEDIA
     1       0.00      0.00      0.00      0.00      0.00      0.00      0.00      0.00      0.00      0.00      0.00      0.00      0.00
 MEDIA       0.00      0.00      0.00      0.00      0.00      0.00      0.00      0.00      0.00     18.71     56.38      0.00      6.26
 DPADRAO     0.00      0.00      0.00      0.00      0.00      0.00      0.00      0.00      0.00    566.45   1302.63      0.00
 MIN         0.00      0.00      0.00      0.00      0.00      0.00      0.00      0.00      0.00      0.00      0.00      0.00
 P5          0.00      0.00      0.00      0.00      0.00      0.00      0.00      0.00      0.00      0.00      0.00      0.00
 P95         0.00      0.00      0.00      0.00      0.00      0.00      0.00      0.00      0.00      0.00      0.00      0.00
 MAX         0.00      0.00      0.00      0.00      0.00      0.00      0.00      0.00      0.00  21390.75  36166.07      0.00
