  Caso Teste Sintetizador                            
     CUSTO MARGINAL DE DEMANDA ($/MWh)                     SUBMERCADO:SUDESTE                            

     ANO: 2020
        PAT          1        2        3        4        5        6        7        8        9       10       11       12     MEDIA 
     1    1      763.46   157.73   270.86   105.76   134.74   226.54   374.59   406.92   447.60   559.36   399.94   146.57   332.84
          2      754.82   154.75   270.86   105.76   134.74   226.54   374.59   406.92   447.60   559.36   397.27   144.59   331.48
          3      720.74   148.41   256.97    93.14   131.24   226.02   358.19   396.06   429.48   547.35   397.26   137.91   320.23
  MEDIA          410.31   219.58   164.75    82.44    73.22   175.63   315.66   370.53   387.50   401.10   394.13   125.13   260.00
  DPADRAO        227.06   190.81   188.46   121.27   127.58   204.93   247.03   278.58   325.20   382.93   415.81   168.97
  MIN              0.01     0.00     0.00     0.00     0.00     0.00     0.00     0.01     0.01     0.00     0.00     0.00
  P5              76.24     0.01     0.00     0.00     0.00     0.00     0.01    73.62    61.50    49.64     0.01     0.00
  P95            757.55   593.89   555.92   315.32   318.41   573.42   702.73   757.91   805.57   910.62   968.66   412.49
  MAX            943.10   939.22  1114.76   802.34  1231.78  1930.55  2046.19  3540.91  4086.62  5249.34  5249.34  2956.96
