  Caso Teste Sintetizador                            
     CUSTO DE GERACAO TERMICA PARA O SIN ($)                                                             

     ANO: 2020
   SERIE     1         2         3         4         5         6         7         8         9        10        11        12       MEDIA
     1    2425.80    473.39    586.37    566.57    632.17    982.21   1419.74   1440.99   1425.55   1591.75   1474.57    438.18   1121.44
 MEDIA    1258.20    721.93    570.38    462.20    558.72    842.38   1171.60   1300.34   1310.98   1339.22   1325.40    563.28    952.05
 DPADRAO   665.55    489.48    424.14    296.81    313.75    487.35    595.31    627.00    653.24    703.03    731.06    440.19
 MIN       359.04    293.98    296.33    273.80    271.87    295.44    332.82    345.84    341.39    362.23    365.97    306.23
 P5        382.27    293.98    296.33    273.80    271.87    317.01    358.09    378.00    353.81    368.29    372.03    306.23
 P95      2733.16   1667.90   1384.34   1116.77   1168.50   1647.36   2233.31   2462.34   2679.35   2883.82   2855.48   1480.84
 MAX      3018.11   2894.63   2948.06   2351.38   3324.30   3746.91   3794.02   3846.24   3806.33   3810.30   3717.92   3093.11
