  Caso Teste Sintetizador                            
     CUSTO DE GERACAO TERMICA ($)                          SUBMERCADO:SUDESTE                            

     ANO: 2020
   SERIE     1         2         3         4         5         6         7         8         9        10        11        12       MEDIA
     1    1189.37    242.55    421.64    209.74    211.55    273.73    587.50    597.91    569.51    702.81    576.84    179.42    480.21
 MEDIA     640.64    376.36    318.06    210.74    216.96    315.12    459.23    525.49    524.50    567.00    542.82    229.80    410.56
 DPADRAO   359.29    269.14    226.13    122.67    131.27    240.86    315.42    332.23    332.59    341.22    354.61    187.18
 MIN       177.58    175.58    184.82    146.85    148.66    142.80    135.43    145.00    145.00    164.71    164.31    134.83
 P5        180.30    175.58    184.82    146.85    148.66    164.38    138.93    156.41    151.06    170.77    170.37    134.83
 P95      1232.25   1023.77    715.21    459.38    454.33    792.99   1195.12   1248.19   1218.87   1227.42   1232.88    581.38
 MAX      1262.88   1329.66   1266.03   1189.75   1350.80   1405.08   1439.33   1449.57   1420.25   1411.20   1399.45   1403.98
