  Caso Teste Sintetizador                            
     DEFICIT NO PATAMAR 001                                SUBMERCADO:SUDESTE                            

     ANO: 2020
        PAT       1        2        3        4        5        6        7        8        9       10       11       12     MEDIA 
     1    1      0.0      0.0      0.0      0.0      0.0      0.0      0.0      0.0      0.0      0.0      0.0      0.0      0.0
          2      0.0      0.0      0.0      0.0      0.0      0.0      0.0      0.0      0.0      0.0      0.0      0.0      0.0
          3      0.0      0.0      0.0      0.0      0.0      0.0      0.0      0.0      0.0      0.0      0.0      0.0      0.0
      TOTAL      0.0      0.0      0.0      0.0      0.0      0.0      0.0      0.0      0.0      0.0      0.0      0.0      0.0
 MEDIA           0.0      0.0      0.0      0.0      0.0      0.0      0.0      0.0      0.0      4.4      8.6      0.0      1.1
 DPADRAO         0.0      0.0      0.0      0.0      0.0      0.0      0.0      0.0      0.0    142.9    213.5      0.0
 MIN             0.0      0.0      0.0      0.0      0.0      0.0      0.0      0.0      0.0      0.0      0.0      0.0
 P5              0.0      0.0      0.0      0.0      0.0      0.0      0.0      0.0      0.0      0.0      0.0      0.0
 P95             0.0      0.0      0.0      0.0      0.0      0.0      0.0      0.0      0.0      0.0      0.0      0.0
 MAX             0.0      0.0      0.0      0.0      0.0      0.0      0.0      0.0      0.0   5392.4   7865.2      0.0
