  Caso Teste Sintetizador                            
     VIOL. DEPLECIONAMENTO MINIMO DA USINA (hm3)           USINA:CAMARGOS                                

     ANO: 2020
        PAT        1        2        3        4        5        6        7        8        9       10       11       12      MEDIA 
     1    1        0.00     0.00     0.00     0.00     0.00     0.00     0.00     0.00     0.00     0.00     0.00     0.00     0.00
          2        0.00     0.00     0.00     0.00     0.00     0.00     0.00     0.00     0.00     0.00     0.00     0.00     0.00
          3        0.00     0.00     0.00     0.00     0.00     0.00     0.00     0.00     0.00     0.00     0.00     0.00     0.00
  MEDIA            0.00     0.00     0.00     0.00     0.05     0.20     0.13     0.22     0.79     0.54     0.01     0.00     0.16
  DPADRAO          0.00     0.00     0.00     0.15     0.96     2.04     1.55     2.25     5.79     4.23     0.36     0.13
  MIN              0.00     0.00     0.00     0.00     0.00     0.00     0.00     0.00     0.00     0.00     0.00     0.00
  P5               0.00     0.00     0.00     0.00     0.00     0.00     0.00     0.00     0.00     0.00     0.00     0.00
  P95              0.00     0.00     0.00     0.00     0.00     0.00     0.00     0.00     0.00     0.00     0.00     0.00
  MAX              0.00     0.00     0.00     6.75    21.96    33.79    32.19    34.53    89.38    50.34    12.12     5.90
