  Caso Teste Sintetizador                            
     ENERGIA AFLUENTE TOTAL BRUTA                          SUBMERCADO:SUDESTE                            

     ANO: 2020
           1        2        3        4        5        6        7        8        9       10       11       12      MEDIA 
     1   54590.   70909.   58840.   50473.   35589.   24846.   19022.   13085.   10252.   17503.   25247.   45884.   35520.
 MEDIA   57144.   62521.   62451.   49013.   36714.   29942.   23741.   18986.   17950.   21815.   29848.   45633.   37980.
DPADRAO  13337.   15612.   14045.    9773.    6403.    6679.    4747.    3703.    4819.    5992.    6757.   10011.
   MIN   28411.   29446.   32699.   25145.   20852.   14474.   11320.    8909.    6909.    7280.   13284.   21227.
   P5    39477.   41516.   43042.   34501.   26969.   20716.   16675.   13476.   10916.   13243.   19814.   30703.
   P95   81079.   91251.   88387.   66321.   48153.   41700.   32082.   25426.   26453.   32699.   41867.   63412.
   MAX  130729.  159341.  124944.   86417.   61894.   74937.   50161.   35564.   41200.   50292.   62102.   85104.
