  Caso Teste Sintetizador                            
     ENERGIA AFLUENTE TOTAL BRUTA PARA O SIN (MWmes)                                                     

     ANO: 2020
           1        2        3        4        5        6        7        8        9       10       11       12      MEDIA 
     1   78278.  125136.  105524.   96544.   67402.   46894.   31855.   22350.   19679.   28419.   44912.   72163.   61596.
 MEDIA   84152.   99748.  103116.   90279.   69036.   52856.   40503.   33037.   33143.   38893.   46722.   69404.   63407.
DPADRAO  18079.   23053.   21545.   15191.   12119.   11230.   10464.    8963.   10021.   10831.   10657.   14210.
   MIN   44114.   54172.   54747.   54402.   39094.   26323.   18151.   15068.   13049.   16494.   19940.   31450.
   P5    59752.   68933.   73622.   68471.   51483.   37657.   27108.   21827.   20163.   23941.   31201.   48019.
   P95  118329.  141291.  142748.  117883.   91227.   72626.   60342.   49047.   51182.   58334.   66375.   94750.
   MAX  178816.  222338.  230889.  161902.  131636.  125309.   94409.  115744.   91227.   88360.   97999.  125845.
