  Caso Teste Sintetizador                            
     ENERGIA AFLUENTE TOTAL BRUTA (MWmes)                  REE:SUDESTE                                   

     ANO: 2020
           1        2        3        4        5        6        7        8        9       10       11       12      MEDIA 
     1    9555.   15506.   12383.    9226.    5121.    3393.    2819.    2336.    1827.    2831.    4674.    7649.    6443.
 MEDIA    7906.    8379.    8824.    6449.    3980.    3012.    2473.    2090.    2064.    2719.    4640.    7802.    5028.
DPADRAO   3257.    3935.    2979.    2092.    1064.     716.     554.     461.     516.     759.    1358.    2594.
   MIN    2972.    2283.    3899.    2622.    1872.    1495.    1214.    1073.     948.    1048.    1889.    2964.
   P5     4271.    3862.    5023.    3718.    2490.    1979.    1687.    1418.    1338.    1641.    2800.    4207.
   P95   13962.   15703.   14609.   10448.    5924.    4321.    3458.    2945.    3016.    4107.    7154.   12553.
   MAX   30584.   42607.   28658.   17812.    9233.    6354.    5312.    4663.    5196.    5871.   11795.   24300.
