  Caso Teste Sintetizador                            
     ENERGIA ARMAZENADA FINAL (MWmes)                      REE:SUDESTE                                   

     ANO: 2020
           1        2        3        4        5        6        7        8        9       10       11       12      MEDIA 
     1   10058.   16561.   20808.   23671.   24405.   24268.   23148.   21719.   19332.   15728.   16732.   19029.   19621.
 MEDIA   12053.   15133.   18371.   20297.   20804.   20806.   20291.   19147.   17775.   16736.   16975.   19225.   18134.
DPADRAO   1904.    3481.    4297.    4936.    5261.    5489.    5598.    5644.    5731.    5969.    6304.    6777.
   MIN    8003.    8614.   10265.   11115.   11076.   10378.    9602.    8129.    5399.    2879.    2103.    4944.
   P5     9734.   10779.   13011.   14173.   14093.   13706.   13065.   11910.   10599.    9639.    9658.   10352.
   P95   15641.   22167.   26410.   29551.   30610.   31149.   30764.   29792.   28635.   28309.   29232.   31951.
   MAX   23454.   38114.   46106.   46867.   47243.   47511.   47363.   47546.   48180.   48099.   47729.   47295.
