  Caso Teste Sintetizador                            
     ENERGIA ARMAZENADA FINAL PERCENTUAL (%) - SIN                                                       

     ANO: 2020
             1         2         3         4         5         6         7         8         9        10        11        12       MEDIA 
    1      31.4      47.9      57.1      63.8      67.7      68.3      64.6      57.6      49.8      44.5      44.2      51.4      54.0
 MEDIA     32.8      44.7      55.3      61.9      64.7      65.2      63.1      59.0      54.4      51.4      51.0      55.3      54.9
 DPADRAO    4.7       8.1       9.8      10.2      10.7      11.2      11.7      12.0      12.4      13.0      13.5      13.4
 MIN       21.4      23.8      26.1      32.4      34.1      32.8      29.9      23.5      17.0      12.1      10.8      11.5 
 P5        26.2      32.3      39.4      45.1      47.0      46.6      43.5      38.8      33.6      29.7      28.3      31.6 
 P95       41.2      59.3      71.7      78.2      81.4      82.9      81.4      77.4      73.2      70.9      71.3      74.8 
 MAX       56.5      75.8      81.9      86.8      91.8      92.5      93.2      91.8      93.8      91.6      87.2      87.0 
