  Caso Teste Sintetizador                            
     ENERGIA ARMAZENADA FINAL % EM RELACAO A MAXIMA        SUBMERCADO:SUDESTE                            

     ANO: 2020
             1         2         3         4         5         6         7         8         9        10        11        12       MEDIA 
    1      26.8      41.9      52.6      60.9      63.7      62.1      58.2      51.4      43.7      39.8      41.0      50.5      49.4
 MEDIA     30.3      42.0      53.0      59.4      61.7      62.0      60.5      57.3      53.6      51.5      52.1      56.2      53.3
 DPADRAO    5.0       8.4      10.4      11.5      12.0      12.6      13.6      14.3      15.1      15.8      16.1      15.4
 MIN       18.3      20.2      22.1      29.4      30.8      27.3      23.6      17.2      10.9       7.1       6.7       8.0 
 P5        23.2      29.4      36.4      40.7      41.9      41.3      38.1      33.4      29.0      25.7      24.7      28.5 
 P95       39.0      57.1      70.7      78.3      81.0      82.0      82.0      80.1      77.5      76.4      76.9      78.6 
 MAX       56.6      76.0      84.4      89.1      90.8      91.9      92.3      91.7      91.7      88.9      87.6      87.7 
