  Caso Teste Sintetizador                            
     ENERGIA ARMAZENADA FINAL (MWmes) - SIN                                                              

     ANO: 2020
           1        2        3        4        5        6        7        8        9       10       11       12      MEDIA 
     1   91411.  139170.  165708.  185036.  196582.  198830.  188434.  167938.  145049.  129687.  128747.  149745.  157195.
 MEDIA   95484.  129960.  160502.  179626.  188064.  189909.  184093.  172082.  158635.  149793.  148702.  161274.  159844.
DPADRAO  13745.   23670.   28355.   29634.   31064.   32599.   34242.   35104.   36292.   37908.   39228.   39151.
   MIN   62409.   69188.   75891.   94021.   98978.   95379.   87035.   68643.   49434.   35205.   31551.   33512.
   P5    76142.   93770.  114271.  130787.  136439.  135601.  126916.  113152.   97890.   86712.   82494.   92248.
   P95  120066.  172381.  208091.  226842.  236497.  241348.  237236.  225621.  213355.  206758.  207790.  218074.
   MAX  164513.  220276.  237860.  251923.  266614.  269502.  271795.  267584.  273364.  267117.  254125.  253709.
