  Caso Teste Sintetizador                            
     ENERGIA ARMAZENADA FINAL % EM RELACAO A MAXIMA        REE:SUDESTE                                   

     ANO: 2020
             1         2         3         4         5         6         7         8         9        10        11        12       MEDIA 
    1      19.7      32.5      40.8      46.4      47.9      47.6      45.4      42.6      37.9      30.9      32.8      37.3      38.5
 MEDIA     23.6      29.7      36.0      39.8      40.8      40.8      39.8      37.6      34.9      32.8      33.3      37.7      35.6
 DPADRAO    3.7       6.8       8.4       9.7      10.3      10.8      11.0      11.1      11.2      11.7      12.4      13.3
 MIN       15.7      16.9      20.1      21.8      21.7      20.4      18.8      15.9      10.6       5.6       4.1       9.7 
 P5        19.1      21.1      25.5      27.8      27.7      26.9      25.6      23.4      20.8      18.9      18.9      20.3 
 P95       30.7      43.5      51.8      58.0      60.1      61.1      60.4      58.5      56.2      55.5      57.4      62.7 
 MAX       46.0      74.8      90.5      92.0      92.7      93.2      92.9      93.3      94.5      94.4      93.6      92.8 
