  Caso Teste Sintetizador                            
     ENERGIA ARMAZENADA FINAL                              SUBMERCADO:SUDESTE                            

     ANO: 2020
           1        2        3        4        5        6        7        8        9       10       11       12      MEDIA 
     1   54874.   85798.  107694.  124549.  130262.  127107.  118948.  105178.   89449.   81503.   83774.  103300.  101036.
 MEDIA   62033.   85999.  108417.  121484.  126272.  126750.  123703.  117191.  109607.  105414.  106624.  114906.  109033.
DPADRAO  10275.   17200.   21190.   23620.   24554.   25816.   27755.   29279.   30796.   32258.   33014.   31410.
   MIN   37507.   41275.   45194.   60075.   62946.   55834.   48321.   35086.   22370.   14443.   13794.   16389.
   P5    47504.   60167.   74540.   83175.   85705.   84579.   77873.   68292.   59289.   52567.   50460.   58368.
   P95   79850.  116853.  144673.  160262.  165748.  167715.  167801.  163901.  158541.  156273.  157360.  160707.
   MAX  115869.  155397.  172705.  182290.  185677.  187975.  188870.  187643.  187666.  181742.  179131.  179452.
