  Caso Teste Sintetizador                            
     VERTIMENTO PARA O SIN (MWmes)                                                                       

     ANO: 2020
           1        2        3        4        5        6        7        8        9       10       11       12      MEDIA 
     1     165.    2283.    8312.   11810.    3117.       4.       0.       0.       0.       0.       5.      87.    2149.
 MEDIA     294.    1244.    4115.    6468.    3826.    1239.     789.     517.     722.     938.     479.    1177.    1817.
DPADRAO    703.    2751.    5509.    5426.    3764.    2431.    2093.    1883.    1960.    2099.    1197.    1933.
   MIN       0.       0.       0.       0.       0.       0.       0.       0.       0.       0.       0.       0.
   P5        0.       1.      15.      29.      17.       0.       0.       0.       0.       0.       0.       0.
   P95    1062.    6483.   15400.   16362.   10967.    5774.    4787.    3182.    4117.    5068.    2657.    5327.
   MAX   15237.   31035.   38394.   30847.   26206.   26200.   19899.   39253.   33483.   20868.   11503.   12972.
