  Caso Teste Sintetizador                            
     VERTIMENTO                                            SUBMERCADO:SUDESTE                            

     ANO: 2020
           1        2        3        4        5        6        7        8        9       10       11       12      MEDIA 
     1     161.     398.     537.     276.       0.       0.       0.       0.       0.       0.       5.      87.     122.
 MEDIA     169.     400.     478.     224.      38.      44.      15.       4.      13.      31.      84.     648.     179.
DPADRAO    359.     809.     896.     484.     146.     209.      80.      31.      59.     113.     214.    1017.
   MIN       0.       0.       0.       0.       0.       0.       0.       0.       0.       0.       0.       0.
   P5        0.       0.       3.       0.       0.       0.       0.       0.       0.       0.       0.       0.
   P95     654.    1634.    1887.    1038.     176.     263.      88.       0.      80.     223.     403.    2741.
   MAX    4491.    9729.   12575.    5896.    2572.    4160.    1981.     517.     743.    1297.    2696.    7382.
