  Caso Teste Sintetizador                            
     VERTIMENTO (MWmes)                                    REE:SUDESTE                                   

     ANO: 2020
           1        2        3        4        5        6        7        8        9       10       11       12      MEDIA 
     1     121.     388.     436.     217.       0.       0.       0.       0.       0.       0.       0.      79.     103.
 MEDIA      94.     191.     145.      48.       2.       0.       0.       0.       0.       1.      32.     187.      58.
DPADRAO    312.     438.     296.     152.      27.       2.       1.       1.       3.      12.     104.     330.
   MIN       0.       0.       0.       0.       0.       0.       0.       0.       0.       0.       0.       0.
   P5        0.       0.       0.       0.       0.       0.       0.       0.       0.       0.       0.       0.
   P95     467.     993.     704.     287.       0.       0.       0.       0.       0.       0.     195.     811.
   MAX    4355.    7650.    5706.    4493.    1079.      86.      19.      42.      89.     333.    2314.    3862.
