  Caso Teste Sintetizador                            
     GERACAO HIDRAULICA DA USINA (MWmes)                   USINA:CAMARGOS                                

     ANO: 2020
        PAT        1        2        3        4        5        6        7        8        9       10       11       12      MEDIA 
     1    1        6.22     4.83     7.97     1.95    11.41    11.01     8.68     5.44     2.05     7.91     9.07     8.66     7.10
          2        7.17     4.31     9.19     1.57     1.36     1.38     1.39     1.37     1.59     1.57    10.77     9.99     4.30
          3       12.90     8.33    16.52     3.52     3.40     3.20     3.03     3.28     3.40     3.48    20.97    17.96     8.33
  MEDIA           25.01    21.48    23.05    16.57    13.97    11.87    10.89    11.69    15.94    19.09    21.91    24.96    18.03
  DPADRAO          7.56    11.87    12.97    11.24     8.41     6.40     5.09     7.45    11.33    12.51    12.83    10.15
  MIN              7.03     0.00     0.00     0.00     0.00     0.00     2.37     2.33     0.00     1.62     3.19     0.00
  P5               7.03     7.04     7.04     6.70     6.99     6.92     7.04     7.04     7.04     6.47     6.38     7.04
  P95             34.17    39.42    40.80    40.30    29.70    24.25    19.14    28.95    40.75    40.75    40.80    36.62
  MAX             34.17    39.42    40.80    40.80    40.80    40.80    40.75    40.75    40.80    40.80    40.80    36.62
