  Caso Teste Sintetizador                            
     GERACAO HIDRAULICA TOTAL (MWmes)                      REE:SUDESTE                                   

     ANO: 2020
        PAT       1        2        3        4        5        6        7        8        9       10       11       12     MEDIA 
     1    1   1719.1   1202.1   1331.1   1527.8   1576.3   1323.4   1566.0   1464.6   1303.7   1880.0    980.5   1183.6   1421.5
          2   1953.7   1406.9   1507.4   1216.5    837.8    659.7    912.3    754.0    962.5   1448.7   1054.2   1255.0   1164.1
          3   3235.9   2500.4   2282.0   2021.3   1519.9   1126.6   1072.0   1145.2   1566.0   2777.8   1490.5   1931.9   1889.1
      TOTAL   6908.6   5109.4   5120.5   4765.6   3933.9   3109.8   3550.4   3363.8   3832.2   6106.5   3525.2   4370.5   4474.7
 MEDIA        4896.4   4408.6   4671.1   4027.3   3212.3   2747.9   2689.7   2901.9   3131.2   3558.3   4090.6   4573.5   3742.4
 DPADRAO       846.2    733.5    653.8    688.9    562.4    407.2    569.5    819.5    877.9    926.4    880.8    743.7
 MIN          2754.7   2439.0   2712.6   2019.4   1864.6   1720.6   1740.7   1828.5   1479.8   1139.3   1955.2   2685.1
 P5           3524.6   3204.4   3548.2   2872.0   2392.9   2189.6   2099.5   2047.6   2093.3   2342.2   2876.4   3352.6
 P95          6460.6   5607.1   5725.9   5132.6   4235.0   3490.5   3799.1   4720.7   5067.1   5412.9   5802.2   5816.1
 MAX          7227.1   6479.9   6548.6   6078.3   5965.7   5595.3   5987.6   6256.5   6293.9   6551.9   7169.5   7406.7
