  Caso Teste Sintetizador                            
     GERACAO TERMICA TOTAL (MWmes)                         SUBMERCADO:SUDESTE                            

     ANO: 2020
 SERIE   PAT      1        2        3        4        5        6        7        8        9       10       11       12     MEDIA
     1    1   1683.6    882.8   1286.8   1052.7   1222.4   1427.9   1871.0   2020.4   1731.9   1711.4   1185.6    961.8   1419.8
          2   1941.2   1057.0   1483.6    842.0    733.2    798.8    996.5   1162.6   1335.9   1352.5   1408.0   1108.9   1185.0
          3   3409.6   2102.3   2660.5   1894.6   1833.6   1853.0   2175.6   2782.2   2848.2   2848.3   2741.9   1994.3   2428.7
      TOTAL   7034.4   4042.1   5430.9   3789.3   3789.3   4079.8   5043.0   5965.3   5916.0   5912.2   5335.5   4065.0   5033.6
 MEDIA        5407.1   4418.5   4365.3   3632.1   3525.4   3806.7   4161.6   5361.2   5398.7   5159.4   4851.7   3873.7   4496.8
 DPADRAO      1262.9   1164.6   1117.1    826.8    792.1   1208.1   1260.5   1208.1   1188.9   1209.5   1219.4   1047.6
 MIN          3237.3   3279.6   3227.1   3072.9   3072.9   2658.4   2172.5   2823.7   2800.1   2823.9   2816.9   2693.9
 P5           3285.5   3279.6   3227.1   3072.9   3072.9   2658.4   2386.0   3391.8   3456.3   3178.5   3030.4   2693.9
 P95          7115.9   6735.2   6342.5   5500.0   5339.8   6081.0   6503.1   7508.1   7430.5   7091.4   6850.7   5930.0
 MAX          7161.3   7382.0   7575.9   7521.4   7664.8   7220.5   6806.5   7728.5   7650.9   7285.7   7019.5   7614.0
