  Caso Teste Sintetizador                            
     INTERCAMBIO            DE SUBMERCADO:SUDESTE     PARA SUBMERCADO:SUL                                

     ANO: 2020
        PAT       1        2        3        4        5        6        7        8        9       10       11       12     MEDIA 
     1    1   1378.7   1271.1   1642.5   2377.2   2053.3   1349.8   1425.4    546.8     82.5     77.7   -519.9   -366.9    943.2
          2   1711.4   1644.1   1689.0   1872.8   1217.7    835.7    899.8    496.2     79.8    -45.6   -766.3   -663.1    747.6
          3   2816.9   3112.5   3559.3   3267.0   2420.7   1695.7   1845.4   1891.2   1149.9   1199.8  -2332.2   -252.2   1697.8
      TOTAL   5907.0   6027.8   6890.8   7517.0   5691.7   3881.3   4170.6   2934.1   1312.2   1231.8  -3618.4  -1282.1
 MEDIA        3732.5   4576.5   5924.1   5021.0   3774.6   2422.0    363.5   -323.5  -1770.6  -1637.9    288.0   1756.6   2010.6
 DPADRAO      2160.3   2307.3   2308.5   2388.3   2706.6   2925.0   3031.1   3106.9   2640.4   2591.2   2635.5   2660.5
 MIN         -3141.6  -2987.7  -2876.0  -3915.1  -4281.5  -5120.5  -5349.6  -5384.5  -5623.1  -5716.9  -5484.6  -4959.5
 P5           -825.9      0.0   1037.1      0.0   -508.6  -2594.8  -4712.3  -5030.7  -5349.5  -5322.8  -4394.5  -2499.7
 P95          6404.1   7632.9   8771.6   7488.5   6980.5   6406.0   5094.0   4829.4   3055.7   2903.9   4612.6   6470.0
 MAX          7476.7   8756.6   9461.3   8151.0   7812.5   7662.5   6810.3   7298.8   6261.4   6059.4   7010.0   7636.0
