  Caso Teste Sintetizador                            
     PERDAS A FIO DAGUA PARA O SIN (MWmes)                                                               

     ANO: 2020
           1        2        3        4        5        6        7        8        9       10       11       12      MEDIA 
     1    3845.   15364.   10396.    9648.    1757.     354.     171.     251.     105.      86.     370.    1575.    3660.
 MEDIA    2904.    6467.    9039.    9303.    5375.    2956.    1426.     979.    1156.    1371.    1082.    3836.    3824.
DPADRAO   2100.    5060.    6881.    5733.    4840.    4185.    2457.    1935.    1956.    2398.    2222.    5545.
   MIN     548.    1028.    1517.    1690.     394.     145.      88.      46.      19.      12.      21.      38.
   P5     1075.    2453.    3439.    3804.    1006.     345.     192.     112.      61.      44.      65.     255.
   P95    6582.   16365.   21553.   21856.   15711.   11903.    6317.    4110.    4865.    6117.    5040.   16913.
   MAX   27204.   47004.   71028.   48782.   34823.   47122.   20710.   25274.   19656.   22176.   23182.   35910.
