  Caso Teste Sintetizador                            
     PERDAS A FIO DAGUA                                    SUBMERCADO:SUDESTE                            

     ANO: 2020
           1        2        3        4        5        6        7        8        9       10       11       12      MEDIA 
     1    3534.    6261.    5636.    3489.     979.      26.      23.      20.      18.      42.     165.    1373.    1797.
 MEDIA    2282.    4384.    5607.    4053.    1649.     536.      70.      23.      44.     118.     428.    2940.    1844.
DPADRAO   1521.    2494.    2876.    2506.    2148.    1771.     430.      59.     154.     491.    1191.    4584.
   MIN     213.     347.    1068.     355.       6.       4.       6.       6.       4.       1.       9.      16.
   P5      684.    1830.    2569.    1429.      86.      10.      10.       9.       9.       8.      23.     143.
   P95    5015.    8463.   10649.    8400.    5768.    2893.     146.      55.     143.     385.    1393.   14450.
   MAX   15661.   27209.   28503.   22367.   18204.   28216.   12251.    1759.    4024.    9168.   15233.   29002.
