  Caso Teste Sintetizador                            
     PERDAS A FIO DAGUA (MWmes)                            REE:SUDESTE                                   

     ANO: 2020
           1        2        3        4        5        6        7        8        9       10       11       12      MEDIA 
     1    2765.    3373.    2468.    1060.     127.      26.      23.      20.      18.      42.     157.    1318.     950.
 MEDIA     921.     976.    1022.     400.      71.      47.      22.      17.      20.      36.     191.     809.     378.
DPADRAO    940.     989.     907.     442.     107.      72.      19.      11.      22.      62.     243.     711.
   MIN       8.      10.      14.       5.       4.       4.       6.       5.       4.       1.       9.      16.
   P5      118.      74.     102.      22.      11.       9.       9.       9.       8.       8.      21.      83.
   P95    2693.    2996.    2782.    1276.     231.     176.      51.      27.      31.     123.     683.    2239.
   MAX   10419.   10444.    9128.    5677.    1525.     794.     256.     328.     326.    1142.    2147.    4987.
