  Caso Teste Sintetizador                            
     VAZAO AFLUENTE DA USINA (m3/s)                        USINA:CAMARGOS                                

     ANO: 2020
                    1        2        3        4        5        6        7        8        9       10       11       12      MEDIA 
     1           202.79   218.57   145.48   166.97   132.94    77.11    64.75    49.80    31.19    67.27   120.26   202.42   123.30
  MEDIA          176.25   187.58   167.66   114.97    86.26    65.18    56.44    49.77    48.67    63.32    94.90   155.64   105.55
  DPADRAO         93.28    82.67    77.66    49.33    33.43    31.49    18.89    14.45    27.58    27.59    35.96    60.37
  MIN             32.92    37.41    34.15    30.09    23.10    22.20    18.69    16.71    15.60    14.62    24.77    29.25
  P5              72.30    82.46    68.79    48.03    37.74    23.93    29.72    28.73    16.10    24.53    44.92    67.96
  P95            343.53   344.37   310.62   206.77   145.77   121.31    91.09    76.04    98.81   113.40   162.58   267.13
  MAX           1009.41   742.37   548.91   334.65   241.41   211.10   138.35   105.23   338.63   181.40   273.19   379.05
