  Caso Teste Sintetizador                            
     VOLUME ARMAZENADO FINAL DA USINA (hm3)                USINA:CAMARGOS                                

     ANO: 2020
                    1        2        3        4        5        6        7        8        9       10       11       12      MEDIA 
     1             0.00   324.61   186.16   532.30   672.00   672.00   672.00   672.00   661.41   672.00   382.03   312.01   479.88
  MEDIA          192.00   333.69   420.01   490.41   524.06   538.65   544.20   522.93   442.42   354.86   304.54   301.22   414.08
  DPADRAO        143.88   178.47   223.68   216.82   204.22   198.72   195.51   200.30   219.12   215.58   112.68    37.78
  MIN              0.00     0.00     0.00     0.00     0.00     0.00     0.00     0.00     0.00     0.00     0.00     0.00
  P5               0.00     0.00     0.00    52.61    82.18    86.49   107.76   105.49    49.21     0.00    56.74   219.38
  P95            372.02   512.00   632.02   672.00   672.00   672.00   672.00   672.00   672.00   672.00   382.03   312.01
  MAX            372.02   512.00   632.02   672.00   672.00   672.00   672.00   672.00   672.00   672.00   382.03   312.01
