  Caso Teste Sintetizador                            
     VOLUME FINAL DA USINA EM %                            USINA:CAMARGOS                                

     ANO: 2020
                    1        2        3        4        5        6        7        8        9       10       11       12      MEDIA 
     1             0.00    48.31    27.70    79.21   100.00   100.00   100.00   100.00    98.42   100.00    56.85    46.43    71.41
  MEDIA           28.57    49.66    62.50    72.98    77.98    80.16    80.98    77.82    65.84    52.81    45.32    44.83    61.62
  DPADRAO         21.41    26.56    33.29    32.26    30.39    29.57    29.09    29.81    32.61    32.08    16.77     5.62
  MIN              0.00     0.00     0.00     0.00     0.00     0.00     0.00     0.00     0.00     0.00     0.00     0.00
  P5               0.00     0.00     0.00     7.83    12.23    12.87    16.04    15.70     7.32     0.00     8.44    32.65
  P95             55.36    76.19    94.05   100.00   100.00   100.00   100.00   100.00   100.00   100.00    56.85    46.43
  MAX             55.36    76.19    94.05   100.00   100.00   100.00   100.00   100.00   100.00   100.00    56.85    46.43
