  Caso Teste Sintetizador                            
     VELOCIDADE DE VENTO (m/s)                             USINA: cluster_NE_                            

     ANO: 2020
           1        2        3        4        5        6        7        8        9       10       11       12      MEDIA 
     1   4.3700   5.4400   4.6900   6.0100   6.0000   7.2800   7.8500   7.7500   8.9200   7.9200   6.7900   7.1400   6.6800
MEDIA    5.6567   5.4759   5.0150   5.5108   6.3012   7.0897   7.5613   8.0055   8.0335   7.5438   6.8491   6.2072   6.6041
DPADRAO  0.7640   0.8539   0.9204   0.8397   0.5644   0.4056   0.3499   0.3541   0.4341   0.5394   0.4163   0.5262
MIN      3.7600   3.3100   2.8400   2.7700   4.3500   4.5000   6.2000   7.3300   6.5200   5.6800   5.3800   3.8300
P5       4.4200   4.0800   3.5700   4.0200   5.3100   6.3700   6.9300   7.4900   7.3000   6.5600   6.1000   5.2600
P95      6.9400   6.9200   6.6200   6.8400   7.1500   7.6200   8.0700   8.6400   8.7100   8.3600   7.4700   6.9600
MAX      7.8600   8.3800   8.2900   7.6100   7.7300   7.9800   8.4400   9.4400   9.1600   9.0700   8.0300   7.4600
