  Caso Teste Sintetizador                            
     VOLUME VERTIDO DA USINA (hm3)                         USINA:CAMARGOS                                

     ANO: 2020
        PAT        1        2        3        4        5        6        7        8        9       10       11       12      MEDIA 
     1    1      184.10     0.00     0.00     0.00     0.00     0.00     0.00     0.00     0.00     0.00    86.83    82.92    29.49
          2        0.00     0.00     0.00     0.00     0.00     0.00     0.00     0.00     0.00     0.00     0.00     0.00     0.00
          3        0.00     0.00     0.00     0.00     0.00     0.00     0.00     0.00     0.00     0.00     0.00     0.00     0.00
  MEDIA           28.76    38.30    33.06    12.51    10.25     0.61     0.00     0.00     0.00     0.66    14.32    76.39    17.91
  DPADRAO        121.87   135.95   110.65    69.43    68.09    12.43     0.00     0.00     0.00    11.62    45.69   151.78
  MIN              0.00     0.00     0.00     0.00     0.00     0.00     0.00     0.00     0.00     0.00     0.00     0.00
  P5               0.00     0.00     0.00     0.00     0.00     0.00     0.00     0.00     0.00     0.00     0.00     0.00
  P95            184.10   280.46   250.15    31.57     0.00     0.00     0.00     0.00     0.00     0.00   102.16   422.05
  MAX           1933.49  1364.08  1217.59   794.07   643.86   454.23     0.00     0.00     0.00   366.91   479.43   985.35
