  Caso Teste Sintetizador                            
     VERTIMENTO FIO DAGUA TURBINAVEL (MWmes)               REE:SUDESTE                                   

     ANO: 2020
           1        2        3        4        5        6        7        8        9       10       11       12      MEDIA 
     1       0.       0.       0.       0.       0.       0.       0.       0.       0.       0.       0.       0.       0.
 MEDIA       0.       0.       0.       0.       0.       0.       0.       0.       0.       0.       0.       0.       0.
DPADRAO      0.       0.       0.       0.       0.       0.       0.       0.       0.       0.       0.       0.
   MIN       0.       0.       0.       0.       0.       0.       0.       0.       0.       0.       0.       0.
   P5        0.       0.       0.       0.       0.       0.       0.       0.       0.       0.       0.       0.
   P95       0.       0.       0.       0.       0.       0.       0.       0.       0.       0.       0.       0.
   MAX       0.       0.       0.       0.       0.       0.       0.       0.       0.       0.       0.       0.
