  Caso Teste Sintetizador                            
     VOLUME TURBINADO DA USINA (hm3)                       USINA:CAMARGOS                                

     ANO: 2020
        PAT        1        2        3        4        5        6        7        8        9       10       11       12      MEDIA 
     1    1      122.70    75.08   122.70    24.84   145.09   139.90   110.33    69.10    26.08   100.55   115.23   122.70    97.86
          2      141.48    59.93   141.48    19.93    17.30    17.51    17.67    17.43    20.16    19.95   136.86   141.48    62.60
          3      254.43   114.67   254.43    44.71    43.27    40.61    38.58    41.71    43.22    44.23   266.51   254.43   120.07
  MEDIA          412.15   312.79   318.88   215.71   179.01   151.88   139.43   149.63   205.65   252.09   284.81   335.43   246.46
  DPADRAO        138.15   175.16   177.39   146.76   107.31    80.37    63.69    94.34   146.27   163.91   163.46   145.71
  MIN             89.42     0.00     0.00     0.00     0.00     0.00    57.23    54.89     0.04    39.08    77.30     0.00
  P5              89.42    89.43    89.47    89.48    89.50    89.49    89.47    89.46    89.46    89.45    89.43    89.43
  P95            518.61   518.61   518.61   518.61   377.72   308.22   243.24   368.03   517.97   517.96   518.61   518.61
  MAX            518.61   518.61   518.61   518.61   518.61   518.61   517.98   518.61   518.61   518.61   518.61   518.61
